// Jest Snapshot v1, https://goo.gl/fbAQLP

exports[`Legacy design tokens should match the approved medical design tokens 1`] = `{}`;
